--------------------------------------------------------------------------------
Release 14.7 Trace  (lin64)
Copyright (c) 1995-2013 Xilinx, Inc.  All rights reserved.

/opt/Xilinx/14.7/ISE_DS/ISE/bin/lin64/unwrapped/trce -intstyle ise -v 3 -s 5 -n
3 -fastpaths -xml MIPS.twx MIPS.ncd -o MIPS.twr MIPS.pcf -ucf MIPS_real.ucf

Design file:              MIPS.ncd
Physical constraint file: MIPS.pcf
Device,package,speed:     xc3s50an,tqg144,-5 (PRODUCTION 1.42 2013-10-13)
Report level:             verbose report

Environment Variable      Effect 
--------------------      ------ 
NONE                      No environment variables were set
--------------------------------------------------------------------------------

INFO:Timing:2698 - No timing constraints found, doing default enumeration.
INFO:Timing:3412 - To improve timing, see the Timing Closure User Guide (UG612).
INFO:Timing:2752 - To get complete path coverage, use the unconstrained paths 
   option. All paths that are not constrained will be reported in the 
   unconstrained paths section(s) of the report.
INFO:Timing:3339 - The clock-to-out numbers in this timing report are based on 
   a 50 Ohm transmission line loading model.  For the details of this model, 
   and for more information on accounting for different loading conditions, 
   please see the device datasheet.
INFO:Timing:3390 - This architecture does not support a default System Jitter 
   value, please add SYSTEM_JITTER constraint to the UCF to modify the Clock 
   Uncertainty calculation.
INFO:Timing:3389 - This architecture does not support 'Discrete Jitter' and 
   'Phase Error' calculations, these terms will be zero in the Clock 
   Uncertainty calculation.  Please make appropriate modification to 
   SYSTEM_JITTER to account for the unsupported Discrete Jitter and Phase 
   Error.



Data Sheet report:
-----------------
All values displayed in nanoseconds (ns)

Setup/Hold to clock Clk_O
--------------+------------+------------+------------------+--------+
              |Max Setup to|Max Hold to |                  | Clock  |
Source        | clk (edge) | clk (edge) |Internal Clock(s) | Phase  |
--------------+------------+------------+------------------+--------+
Instruction<0>|    4.588(R)|   -1.515(R)|Clk_O_BUFGP       |   0.000|
Instruction<1>|    3.842(R)|   -1.549(R)|Clk_O_BUFGP       |   0.000|
Instruction<2>|    4.433(R)|   -0.277(R)|Clk_O_BUFGP       |   0.000|
Instruction<3>|    3.541(R)|   -0.578(R)|Clk_O_BUFGP       |   0.000|
Instruction<4>|    1.934(R)|   -0.139(R)|Clk_O_BUFGP       |   0.000|
Instruction<5>|    2.104(R)|   -0.060(R)|Clk_O_BUFGP       |   0.000|
Instruction<6>|    7.062(R)|   -0.171(R)|Clk_O_BUFGP       |   0.000|
Instruction<7>|    6.791(R)|   -0.316(R)|Clk_O_BUFGP       |   0.000|
Reset         |    7.458(R)|   -0.897(R)|Clk_O_BUFGP       |   0.000|
--------------+------------+------------+------------------+--------+

Clock Clk_O to Pad
------------+------------+------------------+--------+
            | clk (edge) |                  | Clock  |
Destination |   to PAD   |Internal Clock(s) | Phase  |
------------+------------+------------------+--------+
LED<0>      |   13.589(R)|Clk_O_BUFGP       |   0.000|
LED<1>      |   14.582(R)|Clk_O_BUFGP       |   0.000|
LED<2>      |   13.877(R)|Clk_O_BUFGP       |   0.000|
LED<3>      |   13.744(R)|Clk_O_BUFGP       |   0.000|
LED<4>      |   13.419(R)|Clk_O_BUFGP       |   0.000|
LED<5>      |   14.287(R)|Clk_O_BUFGP       |   0.000|
LED<6>      |   14.622(R)|Clk_O_BUFGP       |   0.000|
LEDten<0>   |   13.791(R)|Clk_O_BUFGP       |   0.000|
LEDten<1>   |   13.794(R)|Clk_O_BUFGP       |   0.000|
LEDten<2>   |   13.752(R)|Clk_O_BUFGP       |   0.000|
LEDten<3>   |   13.740(R)|Clk_O_BUFGP       |   0.000|
LEDten<4>   |   13.545(R)|Clk_O_BUFGP       |   0.000|
LEDten<5>   |   13.734(R)|Clk_O_BUFGP       |   0.000|
LEDten<6>   |   13.822(R)|Clk_O_BUFGP       |   0.000|
------------+------------+------------------+--------+

Clock to Setup on destination clock Clk_O
---------------+---------+---------+---------+---------+
               | Src:Rise| Src:Fall| Src:Rise| Src:Fall|
Source Clock   |Dest:Rise|Dest:Rise|Dest:Fall|Dest:Fall|
---------------+---------+---------+---------+---------+
Clk_O          |    7.109|    4.868|         |    7.485|
---------------+---------+---------+---------+---------+

Pad to Pad
---------------+---------------+---------+
Source Pad     |Destination Pad|  Delay  |
---------------+---------------+---------+
Instruction<0> |LEDwrr<0>      |    8.805|
Instruction<0> |LEDwrr<2>      |    9.123|
Instruction<0> |LEDwrr<3>      |    8.573|
Instruction<0> |LEDwrr<4>      |    7.397|
Instruction<0> |LEDwrr<5>      |    8.635|
Instruction<1> |LEDwrr<0>      |    9.086|
Instruction<1> |LEDwrr<2>      |    9.017|
Instruction<1> |LEDwrr<3>      |    8.854|
Instruction<1> |LEDwrr<5>      |    9.306|
Instruction<1> |LEDwrr<6>      |    7.890|
Instruction<2> |LEDwrr<0>      |    9.339|
Instruction<2> |LEDwrr<2>      |    9.710|
Instruction<2> |LEDwrr<3>      |    9.107|
Instruction<2> |LEDwrr<4>      |    7.655|
Instruction<2> |LEDwrr<5>      |    9.676|
Instruction<3> |LEDwrr<0>      |    9.160|
Instruction<3> |LEDwrr<2>      |    8.776|
Instruction<3> |LEDwrr<3>      |    8.928|
Instruction<3> |LEDwrr<5>      |    8.761|
Instruction<3> |LEDwrr<6>      |    7.589|
Instruction<6> |LED<0>         |    9.897|
Instruction<6> |LED<1>         |   10.890|
Instruction<6> |LED<2>         |   10.185|
Instruction<6> |LED<3>         |   10.052|
Instruction<6> |LED<4>         |    9.727|
Instruction<6> |LED<5>         |   10.595|
Instruction<6> |LED<6>         |   10.930|
Instruction<6> |LEDs<0>        |    7.448|
Instruction<6> |LEDs<1>        |    7.464|
Instruction<6> |LEDs<2>        |    7.266|
Instruction<6> |LEDs<3>        |    7.424|
Instruction<6> |LEDten<0>      |   10.986|
Instruction<6> |LEDten<1>      |   10.989|
Instruction<6> |LEDten<2>      |   10.947|
Instruction<6> |LEDten<3>      |   10.935|
Instruction<6> |LEDten<4>      |   10.263|
Instruction<6> |LEDten<5>      |   10.929|
Instruction<6> |LEDten<6>      |   11.017|
Instruction<6> |LEDwrr<0>      |    7.786|
Instruction<6> |LEDwrr<2>      |    7.702|
Instruction<6> |LEDwrr<3>      |    7.554|
Instruction<6> |LEDwrr<4>      |    9.579|
Instruction<6> |LEDwrr<5>      |    7.865|
Instruction<6> |LEDwrr<6>      |    9.162|
Instruction<7> |LED<0>         |   10.206|
Instruction<7> |LED<1>         |   11.199|
Instruction<7> |LED<2>         |   10.494|
Instruction<7> |LED<3>         |   10.361|
Instruction<7> |LED<4>         |   10.036|
Instruction<7> |LED<5>         |   10.904|
Instruction<7> |LED<6>         |   11.239|
Instruction<7> |LEDs<0>        |    7.846|
Instruction<7> |LEDs<1>        |    7.866|
Instruction<7> |LEDs<2>        |    7.668|
Instruction<7> |LEDs<3>        |    7.822|
Instruction<7> |LEDten<0>      |   10.763|
Instruction<7> |LEDten<1>      |   10.766|
Instruction<7> |LEDten<2>      |   10.724|
Instruction<7> |LEDten<3>      |   10.712|
Instruction<7> |LEDten<4>      |   10.250|
Instruction<7> |LEDten<5>      |   10.706|
Instruction<7> |LEDten<6>      |   10.794|
Instruction<7> |LEDwrr<0>      |    8.976|
Instruction<7> |LEDwrr<2>      |    8.909|
Instruction<7> |LEDwrr<3>      |    8.744|
Instruction<7> |LEDwrr<4>      |    9.054|
Instruction<7> |LEDwrr<5>      |    8.800|
Instruction<7> |LEDwrr<6>      |    8.637|
Reset          |LED<0>         |   10.184|
Reset          |LED<1>         |   11.177|
Reset          |LED<2>         |   10.472|
Reset          |LED<3>         |   10.340|
Reset          |LED<4>         |   10.014|
Reset          |LED<5>         |   10.882|
Reset          |LED<6>         |   11.217|
Reset          |LEDten<0>      |   10.837|
Reset          |LEDten<1>      |   10.840|
Reset          |LEDten<2>      |   10.798|
Reset          |LEDten<3>      |   10.786|
Reset          |LEDten<4>      |   10.465|
Reset          |LEDten<5>      |   10.780|
Reset          |LEDten<6>      |   10.868|
Reset          |LEDwrr<0>      |    7.960|
Reset          |LEDwrr<2>      |    7.545|
Reset          |LEDwrr<3>      |    7.728|
Reset          |LEDwrr<4>      |    7.840|
Reset          |LEDwrr<5>      |    7.593|
Reset          |LEDwrr<6>      |    7.732|
---------------+---------------+---------+


Analysis completed Fri Jun 16 18:33:21 2017 
--------------------------------------------------------------------------------

Trace Settings:
-------------------------
Trace Settings 

Peak Memory Usage: 366 MB



